 systemSecurity_1

 Timestamp is 68d397e7 (Wed Sep 24 16:04:07 2025)

 Preferred load address is 00400000

 Start         Length     Name                   Class
 0001:00000000 00000ecaH .text$mn                CODE
 0002:00000000 000000c4H .idata$5                DATA
 0002:000000c4 00000008H .00cfg                  DATA
 0002:000000cc 00000004H .CRT$XCA                DATA
 0002:000000d0 00000004H .CRT$XCAA               DATA
 0002:000000d4 00000004H .CRT$XCZ                DATA
 0002:000000d8 00000004H .CRT$XIA                DATA
 0002:000000dc 00000004H .CRT$XIAA               DATA
 0002:000000e0 00000004H .CRT$XIAC               DATA
 0002:000000e4 00000004H .CRT$XIZ                DATA
 0002:000000e8 00000004H .CRT$XPA                DATA
 0002:000000ec 00000004H .CRT$XPZ                DATA
 0002:000000f0 00000004H .CRT$XTA                DATA
 0002:000000f4 00000004H .CRT$XTZ                DATA
 0002:000000f8 00000000H .gfids$y                DATA
 0002:000000f8 00000188H .rdata                  DATA
 0002:00000280 00000000H .rdata$CastGuardVftablesA DATA
 0002:00000280 00000000H .rdata$CastGuardVftablesC DATA
 0002:00000280 00000004H .rdata$sxdata           DATA
 0002:00000284 0000006cH .rdata$voltmd           DATA
 0002:000002f0 000002e8H .rdata$zzzdbg           DATA
 0002:000005d8 00000004H .rtc$IAA                DATA
 0002:000005dc 00000004H .rtc$IZZ                DATA
 0002:000005e0 00000004H .rtc$TAA                DATA
 0002:000005e4 00000004H .rtc$TZZ                DATA
 0002:000005e8 0000003cH .xdata$x                DATA
 0002:00000624 00000000H .edata                  DATA
 0002:00000624 0000008cH .idata$2                DATA
 0002:000006b0 00000014H .idata$3                DATA
 0002:000006c4 000000c4H .idata$4                DATA
 0002:00000788 00000426H .idata$6                DATA
 0003:00000000 00000088H .data                   DATA
 0003:00000088 00000378H .bss                    DATA
 0004:00000000 00000060H .rsrc$01                DATA
 0004:00000060 00000180H .rsrc$02                DATA

  Address         Publics by Value              Rva+Base       Lib:Object

 0000:00000000       ___AbsoluteZero            00000000     <absolute>
 0000:00000000       ___arm64x_extra_rfe_table  00000000     <absolute>
 0000:00000000       ___arm64x_extra_rfe_table_size 00000000     <absolute>
 0000:00000000       ___arm64x_native_entrypoint 00000000     <absolute>
 0000:00000000       ___arm64x_redirection_metadata 00000000     <absolute>
 0000:00000000       ___arm64x_redirection_metadata_count 00000000     <absolute>
 0000:00000000       ___dynamic_value_reloc_table 00000000     <absolute>
 0000:00000000       ___enclave_config          00000000     <absolute>
 0000:00000000       ___guard_check_icall_a64n_fptr 00000000     <absolute>
 0000:00000000       ___guard_eh_cont_count     00000000     <absolute>
 0000:00000000       ___guard_eh_cont_table     00000000     <absolute>
 0000:00000000       ___guard_fids_count        00000000     <absolute>
 0000:00000000       ___guard_fids_table        00000000     <absolute>
 0000:00000000       ___guard_iat_count         00000000     <absolute>
 0000:00000000       ___guard_iat_table         00000000     <absolute>
 0000:00000000       ___guard_longjmp_count     00000000     <absolute>
 0000:00000000       ___guard_longjmp_table     00000000     <absolute>
 0000:00000000       ___hybrid_auxiliary_delayload_iat 00000000     <absolute>
 0000:00000000       ___hybrid_auxiliary_delayload_iat_copy 00000000     <absolute>
 0000:00000000       ___hybrid_auxiliary_iat    00000000     <absolute>
 0000:00000000       ___hybrid_auxiliary_iat_copy 00000000     <absolute>
 0000:00000000       ___hybrid_code_map         00000000     <absolute>
 0000:00000000       ___hybrid_code_map_count   00000000     <absolute>
 0000:00000000       ___hybrid_image_info_bitfield 00000000     <absolute>
 0000:00000000       ___x64_code_ranges_to_entry_points 00000000     <absolute>
 0000:00000000       ___x64_code_ranges_to_entry_points_count 00000000     <absolute>
 0000:00000001       ___safe_se_handler_count   00000001     <absolute>
 0000:00000100       ___guard_flags             00000100     <absolute>
 0000:00000000       ___ImageBase               00400000     <linker-defined>
 0001:00000000       ___local_stdio_printf_options 00401000 f i systemSecurity_1.obj
 0001:00000010       __vfprintf_l               00401010 f i systemSecurity_1.obj
 0001:00000040       _printf                    00401040 f i systemSecurity_1.obj
 0001:00000080       ?add@@YAHHH@Z              00401080 f   systemSecurity_1.obj
 0001:000000a0       _main                      004010a0 f   systemSecurity_1.obj
 0001:00000349       _mainCRTStartup            00401349 f   MSVCRT:exe_main.obj
 0001:00000395       ___scrt_acquire_startup_lock 00401395 f   MSVCRT:utility.obj
 0001:000003c7       ___scrt_initialize_crt     004013c7 f   MSVCRT:utility.obj
 0001:00000400       ___scrt_initialize_onexit_tables 00401400 f   MSVCRT:utility.obj
 0001:00000487       ___scrt_is_nonwritable_in_current_image 00401487 f   MSVCRT:utility.obj
 0001:0000051e       ___scrt_release_startup_lock 0040151e f   MSVCRT:utility.obj
 0001:0000053b       ___scrt_uninitialize_crt   0040153b f   MSVCRT:utility.obj
 0001:00000563       __onexit                   00401563 f   MSVCRT:utility.obj
 0001:00000591       _atexit                    00401591 f   MSVCRT:utility.obj
 0001:000005f3       ___security_init_cookie    004015f3 f   MSVCRT:gs_support.obj
 0001:0000063e       ___scrt_exe_initialize_mta 0040163e f   MSVCRT:utility_desktop.obj
 0001:0000063e       ___scrt_initialize_winrt   0040163e f   MSVCRT:utility_desktop.obj
 0001:0000063e       ___scrt_stub_for_initialize_mta 0040163e f   MSVCRT:utility_desktop.obj
 0001:0000063e       __get_startup_commit_mode  0040163e f   MSVCRT:commit_mode.obj
 0001:0000063e       __get_startup_new_mode     0040163e f   MSVCRT:new_mode.obj
 0001:0000063e       __get_startup_thread_locale_mode 0040163e f   MSVCRT:thread_locale.obj
 0001:0000063e       __matherr                  0040163e f   MSVCRT:matherr.obj
 0001:00000641       __get_startup_argv_mode    00401641 f   MSVCRT:argv_mode.obj
 0001:00000645       __get_startup_file_mode    00401645 f   MSVCRT:file_mode.obj
 0001:0000064b       ?__scrt_initialize_type_info@@YAXXZ 0040164b f   MSVCRT:tncleanup.obj
 0001:00000657       ___acrt_initialize         00401657 f   MSVCRT:ucrt_stubs.obj
 0001:00000657       ___acrt_uninitialize       00401657 f   MSVCRT:ucrt_stubs.obj
 0001:00000657       ___scrt_stub_for_acrt_initialize 00401657 f   MSVCRT:ucrt_stubs.obj
 0001:00000657       ___scrt_stub_for_acrt_uninitialize 00401657 f   MSVCRT:ucrt_stubs.obj
 0001:00000657       ___vcrt_initialize         00401657 f   MSVCRT:ucrt_stubs.obj
 0001:00000657       ___vcrt_uninitialize       00401657 f   MSVCRT:ucrt_stubs.obj
 0001:00000657       __should_initialize_environment 00401657 f   MSVCRT:env_mode.obj
 0001:0000065a       __initialize_default_precision 0040165a f   MSVCRT:default_precision.obj
 0001:0000067b       @_guard_check_icall_nop@4  0040167b f   MSVCRT:guard_support.obj
 0001:0000067b       __initialize_denormal_control 0040167b f   MSVCRT:denormal_control.obj
 0001:0000067b       __initialize_invalid_parameter_handler 0040167b f   MSVCRT:invalid_parameter_handler.obj
 0001:0000067e       ___local_stdio_scanf_options 0040167e f i MSVCRT:default_local_stdio_options.obj
 0001:00000684       ___scrt_initialize_default_local_stdio_options 00401684 f   MSVCRT:default_local_stdio_options.obj
 0001:000006a1       ___scrt_is_user_matherr_present 004016a1 f   MSVCRT:matherr_detection.obj
 0001:000006ad       ___scrt_get_dyn_tls_init_callback 004016ad f   MSVCRT:dyn_tls_init.obj
 0001:000006b3       ___scrt_get_dyn_tls_dtor_callback 004016b3 f   MSVCRT:dyn_tls_dtor.obj
 0001:000006b9       ___scrt_fastfail           004016b9 f   MSVCRT:utility_desktop.obj
 0001:000007ce       ___scrt_initialize_mta     004017ce f   MSVCRT:utility_desktop.obj
 0001:000007d3       ___scrt_is_managed_app     004017d3 f   MSVCRT:utility_desktop.obj
 0001:00000815       ___scrt_set_unhandled_exception_filter 00401815 f   MSVCRT:utility_desktop.obj
 0001:00000821       ___scrt_unhandled_exception_filter@4 00401821 f   MSVCRT:utility_desktop.obj
 0001:00000877       __crt_debugger_hook        00401877 f   MSVCRT:utility_desktop.obj
 0001:00000882       __RTC_Initialize           00401882 f   MSVCRT:initsect.obj
 0001:000008ae       __RTC_Terminate            004018ae f   MSVCRT:initsect.obj
 0001:000008e0       __SEH_prolog4              004018e0 f   MSVCRT:sehprolg4.obj
 0001:00000925       __except_handler4          00401925 f   MSVCRT:chandler4gs.obj
 0001:00000954       ___isa_available_init      00401954 f   MSVCRT:cpu_disp.obj
 0001:00000c6e       ___scrt_is_ucrt_dll_in_use 00401c6e f   MSVCRT:ucrt_detection.obj
 0001:00000c7a       @__security_check_cookie@4 00401c7a f   MSVCRT:secchk.obj
 0001:00000c88       ___raise_securityfailure   00401c88 f   MSVCRT:gs_report.obj
 0001:00000cb0       ___report_gsfailure        00401cb0 f   MSVCRT:gs_report.obj
 0001:00000dab       ___current_exception       00401dab f   vcruntime:VCRUNTIME140.dll
 0001:00000db1       ___current_exception_context 00401db1 f   vcruntime:VCRUNTIME140.dll
 0001:00000db7       _memset                    00401db7 f   vcruntime:VCRUNTIME140.dll
 0001:00000dbd       __except_handler4_common   00401dbd f   vcruntime:VCRUNTIME140.dll
 0001:00000dc3       __seh_filter_exe           00401dc3 f   ucrt:api-ms-win-crt-runtime-l1-1-0.dll
 0001:00000dc9       __set_app_type             00401dc9 f   ucrt:api-ms-win-crt-runtime-l1-1-0.dll
 0001:00000dcf       ___setusermatherr          00401dcf f   ucrt:api-ms-win-crt-math-l1-1-0.dll
 0001:00000dd5       __configure_narrow_argv    00401dd5 f   ucrt:api-ms-win-crt-runtime-l1-1-0.dll
 0001:00000ddb       __initialize_narrow_environment 00401ddb f   ucrt:api-ms-win-crt-runtime-l1-1-0.dll
 0001:00000de1       __get_initial_narrow_environment 00401de1 f   ucrt:api-ms-win-crt-runtime-l1-1-0.dll
 0001:00000de7       __initterm                 00401de7 f   ucrt:api-ms-win-crt-runtime-l1-1-0.dll
 0001:00000ded       __initterm_e               00401ded f   ucrt:api-ms-win-crt-runtime-l1-1-0.dll
 0001:00000df3       _exit                      00401df3 f   ucrt:api-ms-win-crt-runtime-l1-1-0.dll
 0001:00000df9       __exit                     00401df9 f   ucrt:api-ms-win-crt-runtime-l1-1-0.dll
 0001:00000dff       __set_fmode                00401dff f   ucrt:api-ms-win-crt-stdio-l1-1-0.dll
 0001:00000e05       ___p___argc                00401e05 f   ucrt:api-ms-win-crt-runtime-l1-1-0.dll
 0001:00000e0b       ___p___argv                00401e0b f   ucrt:api-ms-win-crt-runtime-l1-1-0.dll
 0001:00000e11       __cexit                    00401e11 f   ucrt:api-ms-win-crt-runtime-l1-1-0.dll
 0001:00000e17       __c_exit                   00401e17 f   ucrt:api-ms-win-crt-runtime-l1-1-0.dll
 0001:00000e1d       __register_thread_local_exe_atexit_callback 00401e1d f   ucrt:api-ms-win-crt-runtime-l1-1-0.dll
 0001:00000e23       __configthreadlocale       00401e23 f   ucrt:api-ms-win-crt-locale-l1-1-0.dll
 0001:00000e29       __set_new_mode             00401e29 f   ucrt:api-ms-win-crt-heap-l1-1-0.dll
 0001:00000e2f       ___p__commode              00401e2f f   ucrt:api-ms-win-crt-stdio-l1-1-0.dll
 0001:00000e35       __initialize_onexit_table  00401e35 f   ucrt:api-ms-win-crt-runtime-l1-1-0.dll
 0001:00000e3b       __register_onexit_function 00401e3b f   ucrt:api-ms-win-crt-runtime-l1-1-0.dll
 0001:00000e41       __crt_atexit               00401e41 f   ucrt:api-ms-win-crt-runtime-l1-1-0.dll
 0001:00000e47       __controlfp_s              00401e47 f   ucrt:api-ms-win-crt-runtime-l1-1-0.dll
 0001:00000e4d       _terminate                 00401e4d f   ucrt:api-ms-win-crt-runtime-l1-1-0.dll
 0001:00000e53       __filter_x86_sse2_floating_point_exception 00401e53 f   MSVCRT:x86_exception_filter.obj
 0001:00000e53       __filter_x86_sse2_floating_point_exception_default 00401e53 f   MSVCRT:x86_exception_filter.obj
 0002:00000000       __imp__GetCurrentProcessId@0 00402000     kernel32:KERNEL32.dll
 0002:00000004       __imp__GetCurrentThreadId@0 00402004     kernel32:KERNEL32.dll
 0002:00000008       __imp__GetSystemTimeAsFileTime@4 00402008     kernel32:KERNEL32.dll
 0002:0000000c       __imp__InitializeSListHead@4 0040200c     kernel32:KERNEL32.dll
 0002:00000010       __imp__TerminateProcess@8  00402010     kernel32:KERNEL32.dll
 0002:00000014       __imp__GetCurrentProcess@0 00402014     kernel32:KERNEL32.dll
 0002:00000018       __imp__GetModuleHandleW@4  00402018     kernel32:KERNEL32.dll
 0002:0000001c       __imp__IsProcessorFeaturePresent@4 0040201c     kernel32:KERNEL32.dll
 0002:00000020       __imp__QueryPerformanceCounter@4 00402020     kernel32:KERNEL32.dll
 0002:00000024       __imp__SetUnhandledExceptionFilter@4 00402024     kernel32:KERNEL32.dll
 0002:00000028       __imp__UnhandledExceptionFilter@4 00402028     kernel32:KERNEL32.dll
 0002:0000002c       __imp__IsDebuggerPresent@0 0040202c     kernel32:KERNEL32.dll
 0002:00000030       \177KERNEL32_NULL_THUNK_DATA 00402030     kernel32:KERNEL32.dll
 0002:00000034       __imp____current_exception_context 00402034     vcruntime:VCRUNTIME140.dll
 0002:00000038       __imp____current_exception 00402038     vcruntime:VCRUNTIME140.dll
 0002:0000003c       __imp__memset              0040203c     vcruntime:VCRUNTIME140.dll
 0002:00000040       __imp___except_handler4_common 00402040     vcruntime:VCRUNTIME140.dll
 0002:00000044       \177VCRUNTIME140_NULL_THUNK_DATA 00402044     vcruntime:VCRUNTIME140.dll
 0002:00000048       __imp___set_new_mode       00402048     ucrt:api-ms-win-crt-heap-l1-1-0.dll
 0002:0000004c       \177api-ms-win-crt-heap-l1-1-0_NULL_THUNK_DATA 0040204c     ucrt:api-ms-win-crt-heap-l1-1-0.dll
 0002:00000050       __imp___configthreadlocale 00402050     ucrt:api-ms-win-crt-locale-l1-1-0.dll
 0002:00000054       \177api-ms-win-crt-locale-l1-1-0_NULL_THUNK_DATA 00402054     ucrt:api-ms-win-crt-locale-l1-1-0.dll
 0002:00000058       __imp____setusermatherr    00402058     ucrt:api-ms-win-crt-math-l1-1-0.dll
 0002:0000005c       \177api-ms-win-crt-math-l1-1-0_NULL_THUNK_DATA 0040205c     ucrt:api-ms-win-crt-math-l1-1-0.dll
 0002:00000060       __imp___c_exit             00402060     ucrt:api-ms-win-crt-runtime-l1-1-0.dll
 0002:00000064       __imp___seh_filter_exe     00402064     ucrt:api-ms-win-crt-runtime-l1-1-0.dll
 0002:00000068       __imp___initialize_onexit_table 00402068     ucrt:api-ms-win-crt-runtime-l1-1-0.dll
 0002:0000006c       __imp___cexit              0040206c     ucrt:api-ms-win-crt-runtime-l1-1-0.dll
 0002:00000070       __imp___crt_atexit         00402070     ucrt:api-ms-win-crt-runtime-l1-1-0.dll
 0002:00000074       __imp___controlfp_s        00402074     ucrt:api-ms-win-crt-runtime-l1-1-0.dll
 0002:00000078       __imp__terminate           00402078     ucrt:api-ms-win-crt-runtime-l1-1-0.dll
 0002:0000007c       __imp___set_app_type       0040207c     ucrt:api-ms-win-crt-runtime-l1-1-0.dll
 0002:00000080       __imp___register_thread_local_exe_atexit_callback 00402080     ucrt:api-ms-win-crt-runtime-l1-1-0.dll
 0002:00000084       __imp____p___argv          00402084     ucrt:api-ms-win-crt-runtime-l1-1-0.dll
 0002:00000088       __imp___register_onexit_function 00402088     ucrt:api-ms-win-crt-runtime-l1-1-0.dll
 0002:0000008c       __imp___exit               0040208c     ucrt:api-ms-win-crt-runtime-l1-1-0.dll
 0002:00000090       __imp__exit                00402090     ucrt:api-ms-win-crt-runtime-l1-1-0.dll
 0002:00000094       __imp___initterm_e         00402094     ucrt:api-ms-win-crt-runtime-l1-1-0.dll
 0002:00000098       __imp___initterm           00402098     ucrt:api-ms-win-crt-runtime-l1-1-0.dll
 0002:0000009c       __imp___get_initial_narrow_environment 0040209c     ucrt:api-ms-win-crt-runtime-l1-1-0.dll
 0002:000000a0       __imp___initialize_narrow_environment 004020a0     ucrt:api-ms-win-crt-runtime-l1-1-0.dll
 0002:000000a4       __imp___configure_narrow_argv 004020a4     ucrt:api-ms-win-crt-runtime-l1-1-0.dll
 0002:000000a8       __imp____p___argc          004020a8     ucrt:api-ms-win-crt-runtime-l1-1-0.dll
 0002:000000ac       \177api-ms-win-crt-runtime-l1-1-0_NULL_THUNK_DATA 004020ac     ucrt:api-ms-win-crt-runtime-l1-1-0.dll
 0002:000000b0       __imp____stdio_common_vfprintf 004020b0     ucrt:api-ms-win-crt-stdio-l1-1-0.dll
 0002:000000b4       __imp____acrt_iob_func     004020b4     ucrt:api-ms-win-crt-stdio-l1-1-0.dll
 0002:000000b8       __imp____p__commode        004020b8     ucrt:api-ms-win-crt-stdio-l1-1-0.dll
 0002:000000bc       __imp___set_fmode          004020bc     ucrt:api-ms-win-crt-stdio-l1-1-0.dll
 0002:000000c0       \177api-ms-win-crt-stdio-l1-1-0_NULL_THUNK_DATA 004020c0     ucrt:api-ms-win-crt-stdio-l1-1-0.dll
 0002:000000c4       ___guard_check_icall_fptr  004020c4     MSVCRT:guard_support.obj
 0002:000000c8       ___castguard_check_failure_os_handled_fptr 004020c8     MSVCRT:guard_support.obj
 0002:000000cc       ___xc_a                    004020cc     MSVCRT:initializers.obj
 0002:000000d4       ___xc_z                    004020d4     MSVCRT:initializers.obj
 0002:000000d8       ___xi_a                    004020d8     MSVCRT:initializers.obj
 0002:000000e4       ___xi_z                    004020e4     MSVCRT:initializers.obj
 0002:000000e8       ___xp_a                    004020e8     MSVCRT:initializers.obj
 0002:000000ec       ___xp_z                    004020ec     MSVCRT:initializers.obj
 0002:000000f0       ___xt_a                    004020f0     MSVCRT:initializers.obj
 0002:000000f4       ___xt_z                    004020f4     MSVCRT:initializers.obj
 0002:00000128       __load_config_used         00402128     MSVCRT:loadcfg.obj
 0002:00000280       ___safe_se_handler_table   00402280     <linker-defined>
 0002:00000284       ___volatile_metadata       00402284     <linker-defined>
 0002:000005d8       ___rtc_iaa                 004025d8     MSVCRT:initsect.obj
 0002:000005dc       ___rtc_izz                 004025dc     MSVCRT:initsect.obj
 0002:000005e0       ___rtc_taa                 004025e0     MSVCRT:initsect.obj
 0002:000005e4       ___rtc_tzz                 004025e4     MSVCRT:initsect.obj
 0002:00000624       __IMPORT_DESCRIPTOR_VCRUNTIME140 00402624     vcruntime:VCRUNTIME140.dll
 0002:00000638       __IMPORT_DESCRIPTOR_api-ms-win-crt-stdio-l1-1-0 00402638     ucrt:api-ms-win-crt-stdio-l1-1-0.dll
 0002:0000064c       __IMPORT_DESCRIPTOR_api-ms-win-crt-runtime-l1-1-0 0040264c     ucrt:api-ms-win-crt-runtime-l1-1-0.dll
 0002:00000660       __IMPORT_DESCRIPTOR_api-ms-win-crt-math-l1-1-0 00402660     ucrt:api-ms-win-crt-math-l1-1-0.dll
 0002:00000674       __IMPORT_DESCRIPTOR_api-ms-win-crt-locale-l1-1-0 00402674     ucrt:api-ms-win-crt-locale-l1-1-0.dll
 0002:00000688       __IMPORT_DESCRIPTOR_api-ms-win-crt-heap-l1-1-0 00402688     ucrt:api-ms-win-crt-heap-l1-1-0.dll
 0002:0000069c       __IMPORT_DESCRIPTOR_KERNEL32 0040269c     kernel32:KERNEL32.dll
 0002:000006b0       __NULL_IMPORT_DESCRIPTOR   004026b0     vcruntime:VCRUNTIME140.dll
 0003:00000000       ___scrt_native_dllmain_reason 00403000     MSVCRT:utility.obj
 0003:00000004       ___scrt_default_matherr    00403004     MSVCRT:matherr.obj
 0003:00000010       ___isa_inverted            00403010     MSVCRT:cpu_disp.obj
 0003:00000018       ___isa_enabled             00403018     MSVCRT:cpu_disp.obj
 0003:00000040       ___security_cookie         00403040     MSVCRT:gs_cookie.obj
 0003:00000080       ___security_cookie_complement 00403080     MSVCRT:gs_cookie.obj
 0003:00000084       ___scrt_ucrt_dll_is_in_use 00403084     MSVCRT:ucrt_stubs.obj
 0003:00000088       ___scrt_current_native_startup_state 00403088     MSVCRT:utility.obj
 0003:0000008c       ___scrt_native_startup_lock 0040308c     MSVCRT:utility.obj
 0003:000000b0       ?__type_info_root_node@@3U__type_info_node@@A 004030b0     MSVCRT:tncleanup.obj
 0003:000000b8       ?_OptionsStorage@?1??__local_stdio_scanf_options@@9@4_KA 004030b8     MSVCRT:default_local_stdio_options.obj
 0003:000000c0       ___scrt_debugger_hook_flag 004030c0     MSVCRT:utility_desktop.obj
 0003:000000c4       ___avx10_version           004030c4     MSVCRT:cpu_disp.obj
 0003:000000c8       ___isa_available           004030c8     MSVCRT:cpu_disp.obj
 0003:000000cc       ___favor                   004030cc     MSVCRT:cpu_disp.obj
 0003:000003f0       ?_OptionsStorage@?1??__local_stdio_printf_options@@9@4_KA 004033f0     systemSecurity_1.obj
 0003:000003f8       ___dyn_tls_dtor_callback   004033f8     <common>
 0003:000003fc       ___dyn_tls_init_callback   004033fc     <common>

 entry point at        0001:00000349

 Static symbols

 0000:ffffb000       .debug$S                   00400000     ucrt:api-ms-win-crt-heap-l1-1-0.dll
 0000:ffffb000       .debug$S                   00400000     ucrt:api-ms-win-crt-locale-l1-1-0.dll
 0000:ffffb000       .debug$S                   00400000     ucrt:api-ms-win-crt-math-l1-1-0.dll
 0000:ffffb000       .debug$S                   00400000     ucrt:api-ms-win-crt-runtime-l1-1-0.dll
 0000:ffffb000       .debug$S                   00400000     ucrt:api-ms-win-crt-runtime-l1-1-0.dll
 0000:ffffb000       .debug$S                   00400000     ucrt:api-ms-win-crt-runtime-l1-1-0.dll
 0000:ffffb000       .debug$S                   00400000     ucrt:api-ms-win-crt-runtime-l1-1-0.dll
 0000:ffffb000       .debug$S                   00400000     ucrt:api-ms-win-crt-runtime-l1-1-0.dll
 0000:ffffb000       .debug$S                   00400000     ucrt:api-ms-win-crt-runtime-l1-1-0.dll
 0000:ffffb000       .debug$S                   00400000     ucrt:api-ms-win-crt-runtime-l1-1-0.dll
 0000:ffffb000       .debug$S                   00400000     ucrt:api-ms-win-crt-runtime-l1-1-0.dll
 0000:ffffb000       .debug$S                   00400000     ucrt:api-ms-win-crt-runtime-l1-1-0.dll
 0000:ffffb000       .debug$S                   00400000     ucrt:api-ms-win-crt-runtime-l1-1-0.dll
 0000:ffffb000       .debug$S                   00400000     ucrt:api-ms-win-crt-runtime-l1-1-0.dll
 0000:ffffb000       .debug$S                   00400000     ucrt:api-ms-win-crt-runtime-l1-1-0.dll
 0000:ffffb000       .debug$S                   00400000     ucrt:api-ms-win-crt-runtime-l1-1-0.dll
 0000:ffffb000       .debug$S                   00400000     ucrt:api-ms-win-crt-runtime-l1-1-0.dll
 0000:ffffb000       .debug$S                   00400000     ucrt:api-ms-win-crt-runtime-l1-1-0.dll
 0000:ffffb000       .debug$S                   00400000     ucrt:api-ms-win-crt-runtime-l1-1-0.dll
 0000:ffffb000       .debug$S                   00400000     ucrt:api-ms-win-crt-runtime-l1-1-0.dll
 0000:ffffb000       .debug$S                   00400000     ucrt:api-ms-win-crt-runtime-l1-1-0.dll
 0000:ffffb000       .debug$S                   00400000     ucrt:api-ms-win-crt-runtime-l1-1-0.dll
 0000:ffffb000       .debug$S                   00400000     ucrt:api-ms-win-crt-runtime-l1-1-0.dll
 0000:ffffb000       .debug$S                   00400000     ucrt:api-ms-win-crt-runtime-l1-1-0.dll
 0000:ffffb000       .debug$S                   00400000     ucrt:api-ms-win-crt-runtime-l1-1-0.dll
 0000:ffffb000       .debug$S                   00400000     ucrt:api-ms-win-crt-stdio-l1-1-0.dll
 0000:ffffb000       .debug$S                   00400000     ucrt:api-ms-win-crt-stdio-l1-1-0.dll
 0000:ffffb000       .debug$S                   00400000     ucrt:api-ms-win-crt-stdio-l1-1-0.dll
 0000:ffffb000       .debug$S                   00400000     ucrt:api-ms-win-crt-stdio-l1-1-0.dll
 0000:ffffb000       .debug$S                   00400000     kernel32:KERNEL32.dll
 0000:ffffb000       .debug$S                   00400000     kernel32:KERNEL32.dll
 0000:ffffb000       .debug$S                   00400000     kernel32:KERNEL32.dll
 0000:ffffb000       .debug$S                   00400000     kernel32:KERNEL32.dll
 0000:ffffb000       .debug$S                   00400000     kernel32:KERNEL32.dll
 0000:ffffb000       .debug$S                   00400000     kernel32:KERNEL32.dll
 0000:ffffb000       .debug$S                   00400000     kernel32:KERNEL32.dll
 0000:ffffb000       .debug$S                   00400000     kernel32:KERNEL32.dll
 0000:ffffb000       .debug$S                   00400000     kernel32:KERNEL32.dll
 0000:ffffb000       .debug$S                   00400000     kernel32:KERNEL32.dll
 0000:ffffb000       .debug$S                   00400000     kernel32:KERNEL32.dll
 0000:ffffb000       .debug$S                   00400000     kernel32:KERNEL32.dll
 0000:ffffb000       .debug$S                   00400000     kernel32:KERNEL32.dll
 0000:ffffb000       .debug$S                   00400000     vcruntime:VCRUNTIME140.dll
 0000:ffffb000       .debug$S                   00400000     vcruntime:VCRUNTIME140.dll
 0000:ffffb000       .debug$S                   00400000     vcruntime:VCRUNTIME140.dll
 0000:ffffb000       .debug$S                   00400000     vcruntime:VCRUNTIME140.dll
 0000:ffffb000       .debug$S                   00400000     vcruntime:VCRUNTIME140.dll
 0001:000000ff       ?pre_c_initialization@@YAHXZ 004010ff f   MSVCRT:exe_main.obj
 0001:000001aa       ?post_pgo_initialization@@YAHXZ 004011aa f   MSVCRT:exe_main.obj
 0001:000001b2       ?pre_cpp_initialization@@YAXXZ 004011b2 f   MSVCRT:exe_main.obj
 0001:000001c4       ?__scrt_common_main_seh@@YAHXZ 004011c4 f   MSVCRT:exe_main.obj
 0001:00000353       ?find_pe_section@@YAPAU_IMAGE_SECTION_HEADER@@QAEI@Z 00401353 f   MSVCRT:utility.obj
 0001:000005a6       ___get_entropy             004015a6 f   MSVCRT:gs_support.obj
 0001:000008e0       $$000000                   004018e0     MSVCRT:sehprolg4.obj
 0002:000000d0       ?pre_cpp_initializer@@3P6AXXZA 004020d0     MSVCRT:exe_main.obj
 0002:000000dc       ?pre_c_initializer@@3P6AHXZA 004020dc     MSVCRT:exe_main.obj
 0002:000000e0       ?post_pgo_initializer@@3P6AHXZA 004020e0     MSVCRT:exe_main.obj
 0002:000000f8       _GS_ExceptionPointers      004020f8     MSVCRT:gs_report.obj
 0002:00000100       $SG4294967239              00402100     systemSecurity_1.obj
 0002:00000114       $SG4294967238              00402114     systemSecurity_1.obj
 0002:00000118       $SG4294967237              00402118     systemSecurity_1.obj
 0002:000005e8       __sehtable$?__scrt_common_main_seh@@YAHXZ 004025e8     MSVCRT:exe_main.obj
 0002:00000608       __sehtable$___scrt_is_nonwritable_in_current_image 00402608     MSVCRT:utility.obj
 0002:000007e0       .idata$6                   004027e0     vcruntime:VCRUNTIME140.dll
 0002:000009e0       .idata$6                   004029e0     ucrt:api-ms-win-crt-stdio-l1-1-0.dll
 0002:00000a00       .idata$6                   00402a00     ucrt:api-ms-win-crt-runtime-l1-1-0.dll
 0002:00000a22       .idata$6                   00402a22     ucrt:api-ms-win-crt-math-l1-1-0.dll
 0002:00000a42       .idata$6                   00402a42     ucrt:api-ms-win-crt-locale-l1-1-0.dll
 0002:00000a64       .idata$6                   00402a64     ucrt:api-ms-win-crt-heap-l1-1-0.dll
 0002:00000ba0       .idata$6                   00402ba0     kernel32:KERNEL32.dll
 0003:00000090       ?is_initialized_as_dll@@3_NA 00403090     MSVCRT:utility.obj
 0003:00000091       ?module_local_atexit_table_initialized@@3_NA 00403091     MSVCRT:utility.obj
 0003:00000094       ?module_local_atexit_table@@3U_onexit_table_t@@A 00403094     MSVCRT:utility.obj
 0003:000000a0       ?module_local_at_quick_exit_table@@3U_onexit_table_t@@A 004030a0     MSVCRT:utility.obj
 0003:000000d0       _GS_ExceptionRecord        004030d0     MSVCRT:gs_report.obj
 0003:00000120       _GS_ContextRecord          00403120     MSVCRT:gs_report.obj
 0004:00000060       $R000000                   00404060     * linker generated manifest res *
